data/history/10753341705.csv
time,date,itemid,price,discount,price_before_discount,stock,sold,item_status,cmt_count,liked_count
1639280009,20211212,10753341705,2249000000000,10%,2499000000000,15,47,normal,57,933
1639287143,20211212,10753341705,2249000000000,10%,2499000000000,9,47,normal,57,950
1639357863,20211213,10753341705,2499000000000,,0,17,46,normal,57,997
1639444466,20211214,10753341705,2499000000000,,0,29,46,normal,57,1020
1639530640,20211215,10753341705,2249000000000,10%,2499000000000,14,46,normal,57,1053
1639617026,20211216,10753341705,2499000000000,,0,12,46,normal,58,1086
1639703612,20211217,10753341705,2499000000000,,0,15,40,normal,59,1104
1639790132,20211218,10753341705,2499000000000,,0,17,39,normal,63,1110
1639876642,20211219,10753341705,2499000000000,,0,18,38,normal,68,1121
1639962815,20211220,10753341705,2499000000000,,0,16,5,normal,73,1132
1640049312,20211221,10753341705,2499000000000,,0,16,100,normal,75,1144
1640135674,20211222,10753341705,2249000000000,10%,2499000000000,20,100,normal,79,1161
1640221963,20211223,10753341705,2499000000000,,0,20,104,normal,80,1188
1640308307,20211224,10753341705,2499000000000,,0,23,107,normal,82,1194
1640394679,20211225,10753341705,2499000000000,,0,20,108,normal,83,1210
1640481434,20211226,10753341705,2499000000000,,0,18,109,normal,85,1214
1640567593,20211227,10753341705,2249000000000,10%,2499000000000,7,104,normal,86,1233
1640653959,20211228,10753341705,2499000000000,,0,27,105,normal,86,1250
1640740334,20211229,10753341705,2499000000000,,0,66,106,normal,86,1260
1640826747,20211230,10753341705,2499000000000,,0,63,108,normal,87,1265
1640913293,20211231,10753341705,2499000000000,,0,140,108,normal,88,1275
1640965081,20211231,10753341705,2499000000000,,0,66,108,normal,88,1291
1640967403,20211231,10753341705,2499000000000,,0,65,108,normal,88,1294
1640969996,20211231,10753341705,2499000000000,,0,62,108,normal,88,1300
1640971712,20211231,10753341705,2199000000000,12%,2499000000000,17,108,normal,88,1305
1640972764,20211231,10753341705,2249000000000,10%,2499000000000,54,108,normal,88,1305
1640974378,20211231,10753341705,2249000000000,10%,2499000000000,54,108,normal,88,1306
1640976210,20211231,10753341705,2249000000000,10%,2499000000000,53,108,normal,88,1306
1640979251,20211231,10753341705,2249000000000,10%,2499000000000,54,110,normal,88,1306
1640981527,20211231,10753341705,2249000000000,10%,2499000000000,70,110,normal,88,1306
1640984995,20211231,10753341705,2249000000000,10%,2499000000000,69,110,normal,88,1306
1640986574,20211231,10753341705,2249000000000,10%,2499000000000,69,110,normal,88,1307
1640988664,20211231,10753341705,2249000000000,10%,2499000000000,68,110,normal,88,1307
1640997644,20220101,10753341705,2249000000000,10%,2499000000000,68,110,normal,88,1308
1641002551,20220101,10753341705,2199000000000,12%,2499000000000,27,110,normal,90,1310
1641005708,20220101,10753341705,2199000000000,12%,2499000000000,22,110,normal,90,1311
1641006814,20220101,10753341705,2249000000000,10%,2499000000000,83,110,normal,90,1311
1641008424,20220101,10753341705,2249000000000,10%,2499000000000,83,110,normal,90,1312
1641010467,20220101,10753341705,2249000000000,10%,2499000000000,83,110,normal,90,1315
1641012589,20220101,10753341705,2249000000000,10%,2499000000000,83,110,normal,90,1316
1641013893,20220101,10753341705,2199000000000,12%,2499000000000,29,110,normal,90,1317
1641015360,20220101,10753341705,2249000000000,10%,2499000000000,97,110,normal,90,1319
1641017601,20220101,10753341705,2249000000000,10%,2499000000000,100,110,normal,90,1319
1641019516,20220101,10753341705,2249000000000,10%,2499000000000,99,110,normal,90,1319
1641022546,20220101,10753341705,2249000000000,10%,2499000000000,99,110,normal,90,1320
1641024816,20220101,10753341705,2249000000000,10%,2499000000000,98,110,normal,90,1321
1641026562,20220101,10753341705,2249000000000,10%,2499000000000,100,110,normal,90,1320
1641028277,20220101,10753341705,2249000000000,10%,2499000000000,99,110,normal,90,1320
1641029917,20220101,10753341705,2249000000000,10%,2499000000000,100,110,normal,90,1320
1641033601,20220101,10753341705,2249000000000,10%,2499000000000,100,110,normal,90,1321
1641036841,20220101,10753341705,2249000000000,10%,2499000000000,101,110,normal,90,1322
1641039451,20220101,10753341705,2249000000000,10%,2499000000000,101,110,normal,90,1325
1641041773,20220101,10753341705,2249000000000,10%,2499000000000,100,110,normal,90,1325
1641044334,20220101,10753341705,2249000000000,10%,2499000000000,100,110,normal,90,1326
1641047748,20220101,10753341705,2249000000000,10%,2499000000000,101,110,normal,90,1327
1641049862,20220101,10753341705,2249000000000,10%,2499000000000,100,110,normal,90,1329
1641051647,20220101,10753341705,2249000000000,10%,2499000000000,101,110,normal,90,1329
1641053789,20220101,10753341705,2249000000000,10%,2499000000000,101,110,normal,90,1330
1641056379,20220101,10753341705,2499000000000,,0,102,110,normal,90,1331
1641058035,20220101,10753341705,2499000000000,,0,106,110,normal,90,1328
1641059070,20220101,10753341705,2499000000000,,0,107,110,normal,90,1327
1641060774,20220101,10753341705,2499000000000,,0,107,110,normal,90,1327
1641062590,20220101,10753341705,2499000000000,,0,107,110,normal,90,1327
1641064187,20220101,10753341705,2499000000000,,0,107,110,normal,90,1327
1641065663,20220101,10753341705,2499000000000,,0,107,110,normal,90,1327
1641067903,20220101,10753341705,2499000000000,,0,107,110,normal,90,1328
1641069536,20220101,10753341705,2499000000000,,0,107,110,normal,90,1328
1641071400,20220101,10753341705,2499000000000,,0,107,110,normal,90,1328
1641072978,20220101,10753341705,2499000000000,,0,107,110,normal,90,1329
1641075044,20220101,10753341705,2499000000000,,0,107,110,normal,90,1330
1641076696,20220101,10753341705,2499000000000,,0,107,110,normal,90,1331
1641078668,20220101,10753341705,2499000000000,,0,107,110,normal,90,1330
1641080264,20220101,10753341705,2499000000000,,0,107,110,normal,90,1330
1641084078,20220102,10753341705,2499000000000,,0,107,110,normal,90,1331
1641089035,20220102,10753341705,2499000000000,,0,108,110,normal,90,1331
1641092001,20220102,10753341705,2499000000000,,0,110,110,normal,90,1332
1641093154,20220102,10753341705,2499000000000,,0,110,110,normal,90,1332
1641094775,20220102,10753341705,2499000000000,,0,110,110,normal,90,1332
1641096872,20220102,10753341705,2499000000000,,0,109,110,normal,90,1334
1641098974,20220102,10753341705,2499000000000,,0,109,110,normal,90,1335
1641100283,20220102,10753341705,2499000000000,,0,111,110,normal,90,1335
1641101740,20220102,10753341705,2499000000000,,0,111,110,normal,90,1335
1641104003,20220102,10753341705,2499000000000,,0,111,110,normal,90,1335
1641105897,20220102,10753341705,2499000000000,,0,111,110,normal,90,1335
1641107477,20220102,10753341705,2499000000000,,0,111,110,normal,90,1335
1641108932,20220102,10753341705,2499000000000,,0,111,110,normal,90,1336
1641111206,20220102,10753341705,2499000000000,,0,111,110,normal,90,1337
1641112939,20220102,10753341705,2499000000000,,0,111,110,normal,90,1338
1641114661,20220102,10753341705,2499000000000,,0,111,110,normal,90,1339
1641116295,20220102,10753341705,2499000000000,,0,111,110,normal,90,1339
1641118302,20220102,10753341705,2499000000000,,0,111,110,normal,90,1339
1641119976,20220102,10753341705,2499000000000,,0,111,110,normal,90,1339
1641121751,20220102,10753341705,2499000000000,,0,111,110,normal,90,1339
1641123240,20220102,10753341705,2499000000000,,0,111,110,normal,90,1340
1641125828,20220102,10753341705,2499000000000,,0,111,110,normal,90,1341
1641128169,20220102,10753341705,2499000000000,,0,111,110,normal,90,1341
1641129564,20220102,10753341705,2499000000000,,0,111,110,normal,90,1341
1641130726,20220102,10753341705,2499000000000,,0,111,110,normal,90,1341
1641132609,20220102,10753341705,2499000000000,,0,111,110,normal,90,1340
1641134139,20220102,10753341705,2499000000000,,0,111,110,normal,90,1340
1641136261,20220102,10753341705,2499000000000,,0,111,110,normal,90,1341
1641138059,20220102,10753341705,2499000000000,,0,111,110,normal,90,1341
1641140178,20220102,10753341705,2499000000000,,0,111,110,normal,90,1343
1641142762,20220102,10753341705,2499000000000,,0,111,110,normal,90,1343
1641144369,20220102,10753341705,2499000000000,,0,111,110,normal,90,1344
1641145421,20220102,10753341705,2499000000000,,0,111,110,normal,90,1344
1641147142,20220102,10753341705,2499000000000,,0,111,110,normal,90,1343
1641148959,20220102,10753341705,2499000000000,,0,111,110,normal,90,1343
1641150532,20220102,10753341705,2499000000000,,0,111,110,normal,90,1343
1641152058,20220102,10753341705,2499000000000,,0,111,110,normal,90,1343
1641154303,20220102,10753341705,2499000000000,,0,111,130,normal,90,1343
1641155876,20220102,10753341705,2499000000000,,0,111,130,normal,90,1343
1641157768,20220102,10753341705,2499000000000,,0,111,130,normal,90,1343
1641159371,20220102,10753341705,2499000000000,,0,111,130,normal,90,1343
1641161435,20220102,10753341705,2499000000000,,0,111,130,normal,90,1343
1641163111,20220102,10753341705,2499000000000,,0,111,130,normal,90,1343
1641165072,20220102,10753341705,2499000000000,,0,111,130,normal,90,1343
1641166645,20220102,10753341705,2499000000000,,0,111,130,normal,90,1343
1641170364,20220103,10753341705,2499000000000,,0,111,130,normal,90,1343
1641175213,20220103,10753341705,2499000000000,,0,111,130,normal,90,1346
1641177697,20220103,10753341705,2499000000000,,0,111,130,normal,90,1347
1641179543,20220103,10753341705,2499000000000,,0,111,130,normal,90,1347
1641181183,20220103,10753341705,2499000000000,,0,111,130,normal,90,1347
1641183289,20220103,10753341705,2499000000000,,0,111,130,normal,90,1347
1641185412,20220103,10753341705,2499000000000,,0,111,130,normal,90,1347
1641186726,20220103,10753341705,2499000000000,,0,111,130,normal,90,1347
1641188186,20220103,10753341705,2499000000000,,0,111,130,normal,90,1347
1641190453,20220103,10753341705,2499000000000,,0,111,130,normal,90,1347
1641192378,20220103,10753341705,2499000000000,,0,111,130,normal,90,1348
1641193891,20220103,10753341705,2499000000000,,0,111,130,normal,90,1348
1641195382,20220103,10753341705,2499000000000,,0,111,130,normal,91,1349
1641197664,20220103,10753341705,2499000000000,,0,111,130,normal,93,1351
1641199420,20220103,10753341705,2499000000000,,0,111,130,normal,93,1351
1641201137,20220103,10753341705,2499000000000,,0,111,130,normal,93,1351
1641202768,20220103,10753341705,2499000000000,,0,113,130,normal,93,1351
1641204825,20220103,10753341705,2499000000000,,0,113,130,normal,93,1351
1641206478,20220103,10753341705,2499000000000,,0,114,130,normal,93,1351
1641208182,20220103,10753341705,2499000000000,,0,114,130,normal,93,1351
1641209676,20220103,10753341705,2499000000000,,0,114,130,normal,93,1351
1641212305,20220103,10753341705,2499000000000,,0,114,130,normal,93,1350
1641214686,20220103,10753341705,2499000000000,,0,114,130,normal,93,1348
1641216302,20220103,10753341705,2499000000000,,0,114,130,normal,93,1349
1641217274,20220103,10753341705,2499000000000,,0,114,130,normal,93,1349
1641219036,20220103,10753341705,2499000000000,,0,114,130,normal,93,1349
1641220577,20220103,10753341705,2499000000000,,0,114,130,normal,93,1349
1641222708,20220103,10753341705,2499000000000,,0,114,130,normal,93,1349
1641224524,20220103,10753341705,2499000000000,,0,114,130,normal,93,1349
1641226677,20220103,10753341705,2499000000000,,0,114,130,normal,93,1349
1641229311,20220103,10753341705,2499000000000,,0,114,130,normal,93,1348
1641231931,20220103,10753341705,2499000000000,,0,114,130,normal,93,1350
1641233593,20220103,10753341705,2499000000000,,0,114,130,normal,93,1350
1641235454,20220103,10753341705,2499000000000,,0,114,130,normal,93,1350
1641236956,20220103,10753341705,2499000000000,,0,114,130,normal,93,1350
1641238464,20220103,10753341705,2499000000000,,0,114,130,normal,93,1351
1641240728,20220103,10753341705,2499000000000,,0,114,131,normal,93,1351
1641242327,20220103,10753341705,2499000000000,,0,114,131,normal,93,1351
1641244198,20220103,10753341705,2499000000000,,0,114,131,normal,93,1351
1641245809,20220103,10753341705,2499000000000,,0,114,131,normal,93,1351
1641247876,20220103,10753341705,2499000000000,,0,114,131,normal,93,1351
1641249528,20220103,10753341705,2499000000000,,0,114,131,normal,93,1351
1641251481,20220103,10753341705,2499000000000,,0,114,131,normal,93,1351
1641253079,20220103,10753341705,2499000000000,,0,114,131,normal,93,1351
1641256838,20220104,10753341705,2499000000000,,0,114,131,normal,93,1352
1641261682,20220104,10753341705,2499000000000,,0,114,131,normal,93,1352
1641264788,20220104,10753341705,2499000000000,,0,114,131,normal,93,1352
1641265946,20220104,10753341705,2499000000000,,0,114,131,normal,93,1352
1641267509,20220104,10753341705,2499000000000,,0,114,131,normal,93,1353
1641269684,20220104,10753341705,2499000000000,,0,114,131,normal,93,1354
1641271810,20220104,10753341705,2499000000000,,0,114,131,normal,93,1355
1641273114,20220104,10753341705,2499000000000,,0,114,131,normal,93,1355
1641274578,20220104,10753341705,2499000000000,,0,114,131,normal,93,1356
1641276826,20220104,10753341705,2499000000000,,0,114,131,normal,93,1356
1641278750,20220104,10753341705,2499000000000,,0,114,131,normal,93,1356
1641280283,20220104,10753341705,2499000000000,,0,113,131,normal,93,1357
1641281769,20220104,10753341705,2499000000000,,0,113,131,normal,93,1357
1641284061,20220104,10753341705,2499000000000,,0,113,131,normal,93,1357
1641285816,20220104,10753341705,2499000000000,,0,113,131,normal,93,1357
1641287504,20220104,10753341705,2499000000000,,0,113,131,normal,93,1357
1641289158,20220104,10753341705,2499000000000,,0,113,131,normal,93,1357
1641291145,20220104,10753341705,2499000000000,,0,114,131,normal,93,1357
1641292845,20220104,10753341705,2499000000000,,0,114,131,normal,93,1358
1641294579,20220104,10753341705,2259000000000,10%,2499000000000,114,131,normal,93,1359
1641296096,20220104,10753341705,2259000000000,10%,2499000000000,114,131,normal,93,1364
1641298691,20220104,10753341705,2259000000000,10%,2499000000000,114,131,normal,93,1366
1641303652,20220104,10753341705,2259000000000,10%,2499000000000,113,131,normal,93,1366
1641305437,20220104,10753341705,2259000000000,10%,2499000000000,113,131,normal,93,1365
1641306987,20220104,10753341705,2259000000000,10%,2499000000000,112,131,normal,93,1364
1641309129,20220104,10753341705,2259000000000,10%,2499000000000,112,131,normal,93,1366
1641310945,20220104,10753341705,2259000000000,10%,2499000000000,112,131,normal,93,1369
1641313040,20220104,10753341705,2259000000000,10%,2499000000000,111,131,normal,93,1371
1641319999,20220104,10753341705,2259000000000,10%,2499000000000,111,131,normal,93,1372
1641327147,20220104,10753341705,2259000000000,10%,2499000000000,111,133,normal,93,1372
1641339498,20220104,10753341705,2259000000000,10%,2499000000000,111,133,normal,93,1371
1641343332,20220105,10753341705,2259000000000,10%,2499000000000,111,133,normal,93,1370
1641348209,20220105,10753341705,2259000000000,10%,2499000000000,111,133,normal,93,1372
1641351202,20220105,10753341705,2259000000000,10%,2499000000000,111,133,normal,93,1371
1641356091,20220105,10753341705,2259000000000,10%,2499000000000,111,133,normal,93,1372
1641358209,20220105,10753341705,2259000000000,10%,2499000000000,111,133,normal,93,1373
1641359532,20220105,10753341705,2259000000000,10%,2499000000000,110,133,normal,93,1373
1641360997,20220105,10753341705,2259000000000,10%,2499000000000,111,133,normal,93,1373
1641365179,20220105,10753341705,2259000000000,10%,2499000000000,111,133,normal,93,1374
1641374034,20220105,10753341705,2259000000000,10%,2499000000000,111,133,normal,93,1373
1641377548,20220105,10753341705,2259000000000,10%,2499000000000,90,133,normal,93,1373
1641379240,20220105,10753341705,2259000000000,10%,2499000000000,90,133,normal,93,1374
1641380973,20220105,10753341705,2259000000000,10%,2499000000000,89,133,normal,93,1374
1641389240,20220105,10753341705,2259000000000,10%,2499000000000,89,133,normal,93,1375
1641395509,20220105,10753341705,2259000000000,10%,2499000000000,90,133,normal,93,1376
1641404779,20220105,10753341705,2259000000000,10%,2499000000000,91,133,normal,93,1375
1641408281,20220105,10753341705,2259000000000,10%,2499000000000,91,133,normal,93,1376
1641418628,20220105,10753341705,2259000000000,10%,2499000000000,91,137,normal,93,1376
1641429784,20220106,10753341705,2259000000000,10%,2499000000000,91,137,normal,93,1378
1641434920,20220106,10753341705,2259000000000,10%,2499000000000,92,137,normal,93,1378
1641437739,20220106,10753341705,2259000000000,10%,2499000000000,90,137,normal,93,1378
1641440471,20220106,10753341705,2259000000000,10%,2499000000000,89,137,normal,93,1379
1641442494,20220106,10753341705,2259000000000,10%,2499000000000,89,137,normal,93,1378
1641445974,20220106,10753341705,2259000000000,10%,2499000000000,89,137,normal,93,1379
1641447436,20220106,10753341705,2259000000000,10%,2499000000000,89,137,normal,93,1381
1641449638,20220106,10753341705,2259000000000,10%,2499000000000,88,137,normal,93,1381
1641453091,20220106,10753341705,2259000000000,10%,2499000000000,88,137,normal,93,1382
1641456855,20220106,10753341705,2259000000000,10%,2499000000000,88,137,normal,93,1383
1641460317,20220106,10753341705,2259000000000,10%,2499000000000,88,137,normal,93,1382
1641463941,20220106,10753341705,2259000000000,10%,2499000000000,88,137,normal,93,1383
1641465677,20220106,10753341705,2259000000000,10%,2499000000000,88,137,normal,93,1382
1641473968,20220106,10753341705,2259000000000,10%,2499000000000,88,137,normal,93,1384
1641475729,20220106,10753341705,2259000000000,10%,2499000000000,87,137,normal,93,1384
1641481907,20220106,10753341705,2259000000000,10%,2499000000000,88,137,normal,94,1384
1641485840,20220106,10753341705,2259000000000,10%,2499000000000,88,137,normal,94,1386
1641491182,20220106,10753341705,2259000000000,10%,2499000000000,89,137,normal,94,1387
1641496189,20220106,10753341705,2259000000000,10%,2499000000000,89,137,normal,94,1388
1641499898,20220106,10753341705,2259000000000,10%,2499000000000,89,139,normal,94,1388
