data/history/10753341705.csv
time,date,itemid,price,discount,price_before_discount,stock,sold,item_status,cmt_count,liked_count
1641516201,20220107,10753341705,2259000000000,10%,2499000000000,89,139,normal,94,1388
1641521265,20220107,10753341705,2259000000000,10%,2499000000000,89,139,normal,94,1387
1641524157,20220107,10753341705,2259000000000,10%,2499000000000,89,139,normal,95,1387
1641526902,20220107,10753341705,2259000000000,10%,2499000000000,89,139,normal,95,1388
1641528895,20220107,10753341705,2259000000000,10%,2499000000000,89,139,normal,95,1389
1641536038,20220107,10753341705,2259000000000,10%,2499000000000,90,139,normal,95,1390
1641538042,20220107,10753341705,2259000000000,10%,2499000000000,90,139,normal,96,1390
1641543237,20220107,10753341705,2259000000000,10%,2499000000000,90,139,normal,96,1391
1641544982,20220107,10753341705,2259000000000,10%,2499000000000,90,139,normal,97,1391
1641548422,20220107,10753341705,2259000000000,10%,2499000000000,90,139,normal,98,1393
1641550370,20220107,10753341705,2259000000000,10%,2499000000000,89,139,normal,98,1393
1641552121,20220107,10753341705,2259000000000,10%,2499000000000,88,139,normal,98,1393
1641555305,20220107,10753341705,2259000000000,10%,2499000000000,88,139,normal,98,1394
1641557912,20220107,10753341705,2259000000000,10%,2499000000000,89,139,normal,98,1396
1641560275,20220107,10753341705,2259000000000,10%,2499000000000,89,139,normal,98,1399
1641561893,20220107,10753341705,2259000000000,10%,2499000000000,89,139,normal,99,1399
1641572239,20220107,10753341705,2259000000000,10%,2499000000000,89,139,normal,99,1401
1641574914,20220107,10753341705,2259000000000,10%,2499000000000,89,139,normal,99,1402
1641577572,20220107,10753341705,2259000000000,10%,2499000000000,89,139,normal,99,1401
1641579216,20220107,10753341705,2259000000000,10%,2499000000000,89,139,normal,99,1402
1641582530,20220107,10753341705,2259000000000,10%,2499000000000,89,139,normal,99,1403
1641586355,20220107,10753341705,2259000000000,10%,2499000000000,89,147,normal,99,1403
1641593476,20220107,10753341705,2259000000000,10%,2499000000000,90,147,normal,99,1403
1641602418,20220108,10753341705,2259000000000,10%,2499000000000,90,147,normal,99,1403
1641607246,20220108,10753341705,2259000000000,10%,2499000000000,91,147,normal,100,1403
1641617422,20220108,10753341705,2259000000000,10%,2499000000000,90,147,normal,100,1405
1641618720,20220108,10753341705,2259000000000,10%,2499000000000,90,147,normal,100,1406
1641620184,20220108,10753341705,2259000000000,10%,2499000000000,89,147,normal,100,1406
1641622412,20220108,10753341705,2259000000000,10%,2499000000000,88,147,normal,100,1406
1641624341,20220108,10753341705,2259000000000,10%,2499000000000,88,147,normal,101,1405
1641627358,20220108,10753341705,2259000000000,10%,2499000000000,87,147,normal,101,1406
1641636724,20220108,10753341705,2259000000000,10%,2499000000000,87,147,normal,101,1407
1641638430,20220108,10753341705,2259000000000,10%,2499000000000,86,147,normal,101,1407
1641640169,20220108,10753341705,2259000000000,10%,2499000000000,86,147,normal,101,1408
1641641675,20220108,10753341705,2259000000000,10%,2499000000000,86,147,normal,101,1410
1641646619,20220108,10753341705,2259000000000,10%,2499000000000,87,147,normal,101,1410
1641658583,20220108,10753341705,2259000000000,10%,2499000000000,87,147,normal,101,1409
1641665579,20220108,10753341705,2259000000000,10%,2499000000000,87,147,normal,101,1411
1641667418,20220108,10753341705,2259000000000,10%,2499000000000,87,147,normal,101,1413
1641668946,20220108,10753341705,2259000000000,10%,2499000000000,87,147,normal,101,1414
1641670462,20220108,10753341705,2259000000000,10%,2499000000000,87,147,normal,101,1415
1641674308,20220108,10753341705,2259000000000,10%,2499000000000,87,152,normal,101,1415
1641688928,20220109,10753341705,2259000000000,10%,2499000000000,87,152,normal,101,1415
1641693924,20220109,10753341705,2259000000000,10%,2499000000000,87,152,normal,101,1416
1641696841,20220109,10753341705,2259000000000,10%,2499000000000,87,152,normal,101,1417
1641697991,20220109,10753341705,2259000000000,10%,2499000000000,87,152,normal,101,1418
1641703830,20220109,10753341705,2259000000000,10%,2499000000000,88,152,normal,101,1419
1641705135,20220109,10753341705,2259000000000,10%,2499000000000,88,152,normal,101,1420
1641706593,20220109,10753341705,2259000000000,10%,2499000000000,89,152,normal,101,1420
1641708823,20220109,10753341705,2259000000000,10%,2499000000000,88,152,normal,101,1422
1641710740,20220109,10753341705,2259000000000,10%,2499000000000,88,152,normal,102,1422
1641712260,20220109,10753341705,2259000000000,10%,2499000000000,89,152,normal,102,1423
1641713757,20220109,10753341705,2259000000000,10%,2499000000000,90,152,normal,102,1424
1641716012,20220109,10753341705,2259000000000,10%,2499000000000,89,152,normal,102,1425
1641719480,20220109,10753341705,2259000000000,10%,2499000000000,89,152,normal,102,1426
1641728057,20220109,10753341705,2259000000000,10%,2499000000000,89,152,normal,102,1427
1641733028,20220109,10753341705,2259000000000,10%,2499000000000,89,152,normal,102,1429
1641742881,20220109,10753341705,2259000000000,10%,2499000000000,89,152,normal,102,1430
1641747626,20220109,10753341705,2259000000000,10%,2499000000000,88,152,normal,102,1431
1641749368,20220109,10753341705,2259000000000,10%,2499000000000,88,152,normal,103,1431
1641750426,20220109,10753341705,2259000000000,10%,2499000000000,87,152,normal,103,1431
1641753810,20220109,10753341705,2259000000000,10%,2499000000000,87,152,normal,103,1432
1641756862,20220109,10753341705,2259000000000,10%,2499000000000,87,154,normal,103,1432
1641759110,20220109,10753341705,2259000000000,10%,2499000000000,87,154,normal,103,1433
1641775196,20220110,10753341705,2259000000000,10%,2499000000000,87,154,normal,103,1433
1641783270,20220110,10753341705,2259000000000,10%,2499000000000,86,154,normal,103,1435
1641786064,20220110,10753341705,2259000000000,10%,2499000000000,85,154,normal,103,1436
1641788100,20220110,10753341705,2259000000000,10%,2499000000000,85,154,normal,103,1437
1641790258,20220110,10753341705,2259000000000,10%,2499000000000,85,154,normal,103,1438
1641791584,20220110,10753341705,2259000000000,10%,2499000000000,85,154,normal,103,1439
1641793053,20220110,10753341705,2259000000000,10%,2499000000000,83,154,normal,103,1441
1641795260,20220110,10753341705,2259000000000,10%,2499000000000,84,154,normal,103,1441
1641798685,20220110,10753341705,2259000000000,10%,2499000000000,84,154,normal,103,1442
1641800220,20220110,10753341705,2259000000000,10%,2499000000000,84,154,normal,103,1443
1641802489,20220110,10753341705,2259000000000,10%,2499000000000,84,154,normal,103,1444
1641804279,20220110,10753341705,2259000000000,10%,2499000000000,84,154,normal,104,1445
1641805939,20220110,10753341705,2259000000000,10%,2499000000000,84,154,normal,104,1447
1641809584,20220110,10753341705,2259000000000,10%,2499000000000,84,154,normal,104,1448
1641812991,20220110,10753341705,2259000000000,10%,2499000000000,83,154,normal,104,1448
1641814520,20220110,10753341705,2259000000000,10%,2499000000000,84,154,normal,104,1449
1641817115,20220110,10753341705,2259000000000,10%,2499000000000,84,154,normal,104,1451
1641819562,20220110,10753341705,2259000000000,10%,2499000000000,83,154,normal,104,1451
1641821353,20220110,10753341705,2259000000000,10%,2499000000000,84,154,normal,104,1451
1641823858,20220110,10753341705,2259000000000,10%,2499000000000,84,154,normal,104,1450
1641825428,20220110,10753341705,2259000000000,10%,2499000000000,84,154,normal,104,1451
1641827536,20220110,10753341705,2259000000000,10%,2499000000000,85,154,normal,104,1451
1641829657,20220110,10753341705,2259000000000,10%,2499000000000,84,154,normal,104,1452
1641834156,20220110,10753341705,2259000000000,10%,2499000000000,84,154,normal,104,1455
1641840303,20220110,10753341705,2259000000000,10%,2499000000000,84,154,normal,104,1456
1641852561,20220110,10753341705,2259000000000,10%,2499000000000,84,154,normal,104,1457
1641857975,20220110,10753341705,2259000000000,10%,2499000000000,84,154,normal,104,1458
1641861723,20220111,10753341705,2259000000000,10%,2499000000000,84,154,normal,104,1459
1641869676,20220111,10753341705,2259000000000,10%,2499000000000,84,154,normal,104,1461
1641870849,20220111,10753341705,2259000000000,10%,2499000000000,84,154,normal,104,1462
1641874484,20220111,10753341705,2259000000000,10%,2499000000000,84,154,normal,104,1463
1641876582,20220111,10753341705,2259000000000,10%,2499000000000,83,154,normal,104,1465
1641879402,20220111,10753341705,2259000000000,10%,2499000000000,83,154,normal,104,1467
1641881648,20220111,10753341705,2259000000000,10%,2499000000000,84,154,normal,104,1467
1641883649,20220111,10753341705,2259000000000,10%,2499000000000,84,154,normal,104,1468
1641885088,20220111,10753341705,2259000000000,10%,2499000000000,84,154,normal,104,1469
1641890606,20220111,10753341705,2259000000000,10%,2499000000000,83,154,normal,104,1470
1641896262,20220111,10753341705,2259000000000,10%,2499000000000,83,154,normal,105,1469
1641897997,20220111,10753341705,2259000000000,10%,2499000000000,83,154,normal,105,1470
1641900905,20220111,10753341705,2259000000000,10%,2499000000000,83,154,normal,105,1472
1641903489,20220111,10753341705,2259000000000,10%,2499000000000,82,154,normal,105,1474
1641905869,20220111,10753341705,2259000000000,10%,2499000000000,82,154,normal,106,1474
1641907510,20220111,10753341705,2259000000000,10%,2499000000000,81,154,normal,106,1473
1641912096,20220111,10753341705,2259000000000,10%,2499000000000,81,154,normal,106,1474
1641914045,20220111,10753341705,2259000000000,10%,2499000000000,81,154,normal,106,1476
1641916070,20220111,10753341705,2259000000000,10%,2499000000000,81,154,normal,106,1477
1641918108,20220111,10753341705,2259000000000,10%,2499000000000,80,154,normal,106,1477
1641920800,20220111,10753341705,2259000000000,10%,2499000000000,80,154,normal,106,1480
1641923193,20220111,10753341705,2259000000000,10%,2499000000000,80,154,normal,106,1479
1641931888,20220111,10753341705,2259000000000,10%,2499000000000,80,74,normal,106,1479
1641937047,20220111,10753341705,2259000000000,10%,2499000000000,80,74,normal,106,1480
1641948094,20220112,10753341705,2259000000000,10%,2499000000000,80,74,normal,106,1483
1641952941,20220112,10753341705,2259000000000,10%,2499000000000,80,74,normal,106,1485
1641957234,20220112,10753341705,2259000000000,10%,2499000000000,80,74,normal,106,1486
1641958864,20220112,10753341705,2259000000000,10%,2499000000000,80,74,normal,106,1487
1641960890,20220112,10753341705,2259000000000,10%,2499000000000,81,74,normal,106,1487
1641963020,20220112,10753341705,2259000000000,10%,2499000000000,81,74,normal,106,1488
1641964357,20220112,10753341705,2259000000000,10%,2499000000000,81,74,normal,106,1491
1641965825,20220112,10753341705,2259000000000,10%,2499000000000,81,74,normal,106,1493
1641968055,20220112,10753341705,2259000000000,10%,2499000000000,81,74,normal,106,1494
1641977006,20220112,10753341705,2259000000000,10%,2499000000000,82,74,normal,106,1494
1641982441,20220112,10753341705,2259000000000,10%,2499000000000,81,74,normal,106,1494
1641985783,20220112,10753341705,2259000000000,10%,2499000000000,80,74,normal,106,1494
1641987311,20220112,10753341705,2259000000000,10%,2499000000000,80,74,normal,106,1495
1641992336,20220112,10753341705,2259000000000,10%,2499000000000,80,74,normal,106,1497
1641994063,20220112,10753341705,2259000000000,10%,2499000000000,80,74,normal,106,1499
1641998494,20220112,10753341705,2259000000000,10%,2499000000000,80,74,normal,106,1500
1642000604,20220112,10753341705,2259000000000,10%,2499000000000,79,74,normal,106,1499
1642002461,20220112,10753341705,2259000000000,10%,2499000000000,79,74,normal,106,1500
1642007073,20220112,10753341705,2259000000000,10%,2499000000000,79,74,normal,106,1501
1642008441,20220112,10753341705,2259000000000,10%,2499000000000,79,74,normal,106,1502
1642009447,20220112,10753341705,2259000000000,10%,2499000000000,78,74,normal,106,1503
1642013086,20220112,10753341705,2259000000000,10%,2499000000000,78,74,normal,106,1504
1642016081,20220112,10753341705,2259000000000,10%,2499000000000,78,76,normal,106,1504
1642029078,20220112,10753341705,2259000000000,10%,2499000000000,79,76,normal,106,1506
1642034580,20220113,10753341705,2259000000000,10%,2499000000000,79,76,normal,106,1508
1642039505,20220113,10753341705,2259000000000,10%,2499000000000,79,76,normal,106,1509
1642042484,20220113,10753341705,2259000000000,10%,2499000000000,80,76,normal,106,1510
1642045257,20220113,10753341705,2259000000000,10%,2499000000000,80,76,normal,106,1511
1642047289,20220113,10753341705,2259000000000,10%,2499000000000,80,76,normal,106,1512
1642049439,20220113,10753341705,2259000000000,10%,2499000000000,80,76,normal,106,1514
1642052226,20220113,10753341705,2259000000000,10%,2499000000000,80,76,normal,106,1515
1642054446,20220113,10753341705,2259000000000,10%,2499000000000,80,76,normal,106,1516
1642056386,20220113,10753341705,2259000000000,10%,2499000000000,81,76,normal,106,1515
1642059393,20220113,10753341705,2259000000000,10%,2499000000000,81,76,normal,106,1516
1642061930,20220113,10753341705,2259000000000,10%,2499000000000,82,76,normal,106,1517
1642063434,20220113,10753341705,2259000000000,10%,2499000000000,81,76,normal,106,1518
1642065115,20220113,10753341705,2259000000000,10%,2499000000000,41,76,normal,106,1518
1642066774,20220113,10753341705,2259000000000,10%,2499000000000,41,76,normal,106,1519
1642068747,20220113,10753341705,2259000000000,10%,2499000000000,40,76,normal,106,1519
1642070476,20220113,10753341705,2259000000000,10%,2499000000000,40,76,normal,106,1520
1642072190,20220113,10753341705,2259000000000,10%,2499000000000,39,76,normal,106,1522
1642076334,20220113,10753341705,2259000000000,10%,2499000000000,39,76,normal,106,1524
1642078762,20220113,10753341705,2259000000000,10%,2499000000000,39,76,normal,106,1525
1642080540,20220113,10753341705,2259000000000,10%,2499000000000,38,76,normal,106,1527
1642081450,20220113,10753341705,2259000000000,10%,2499000000000,38,76,normal,106,1528
1642084898,20220113,10753341705,2259000000000,10%,2499000000000,38,76,normal,106,1530
1642086993,20220113,10753341705,2259000000000,10%,2499000000000,38,76,normal,106,1532
1642090862,20220113,10753341705,2259000000000,10%,2499000000000,37,76,normal,106,1532
1642093429,20220113,10753341705,2259000000000,10%,2499000000000,38,76,normal,106,1533
1642096011,20220113,10753341705,2259000000000,10%,2499000000000,38,76,normal,106,1534
1642099490,20220113,10753341705,2259000000000,10%,2499000000000,38,76,normal,106,1535
1642109826,20220113,10753341705,2259000000000,10%,2499000000000,37,76,normal,106,1535
1642113573,20220113,10753341705,2259000000000,10%,2499000000000,37,76,normal,106,1536
1642117137,20220113,10753341705,2259000000000,10%,2499000000000,37,76,normal,106,1537
1642120928,20220114,10753341705,2259000000000,10%,2499000000000,37,76,normal,106,1537
1642125829,20220114,10753341705,2259000000000,10%,2499000000000,347,76,normal,107,1538
1642131650,20220114,10753341705,2259000000000,10%,2499000000000,347,76,normal,107,1539
1642135834,20220114,10753341705,2259000000000,10%,2499000000000,347,76,normal,107,1541
1642142805,20220114,10753341705,2259000000000,10%,2499000000000,107,76,normal,107,1542
1642149853,20220114,10753341705,2259000000000,10%,2499000000000,106,76,normal,107,1543
1642151535,20220114,10753341705,2259000000000,10%,2499000000000,106,76,normal,107,1544
1642153198,20220114,10753341705,2259000000000,10%,2499000000000,105,76,normal,107,1545
1642155164,20220114,10753341705,2259000000000,10%,2499000000000,105,76,normal,107,1547
1642156877,20220114,10753341705,2259000000000,10%,2499000000000,106,76,normal,107,1548
1642158583,20220114,10753341705,2259000000000,10%,2499000000000,106,76,normal,107,1550
1642162705,20220114,10753341705,2259000000000,10%,2499000000000,106,76,normal,107,1553
1642165131,20220114,10753341705,2259000000000,10%,2499000000000,106,76,normal,107,1555
1642166829,20220114,10753341705,2259000000000,10%,2499000000000,106,76,normal,107,1557
1642167758,20220114,10753341705,2259000000000,10%,2499000000000,106,76,normal,107,1558
1642169442,20220114,10753341705,2259000000000,10%,2499000000000,106,76,normal,107,1560
1642171002,20220114,10753341705,2259000000000,10%,2499000000000,106,76,normal,107,1566
1642173190,20220114,10753341705,2259000000000,10%,2499000000000,101,76,normal,107,1573
1642174950,20220114,10753341705,2259000000000,10%,2499000000000,104,76,normal,107,1583
1642176939,20220114,10753341705,2259000000000,10%,2499000000000,103,76,normal,107,1594
1642179572,20220114,10753341705,2499000000000,,0,103,76,normal,107,1614
1642181289,20220114,10753341705,2499000000000,12%,2499000000000,26,76,normal,107,1658
1642182409,20220114,10753341705,2499000000000,,0,103,76,normal,107,1660
1642184015,20220114,10753341705,2499000000000,,0,108,76,normal,107,1661
1642185908,20220114,10753341705,2499000000000,,0,110,76,normal,107,1661
1642187572,20220114,10753341705,2499000000000,,0,110,76,normal,107,1662
1642188873,20220114,10753341705,2499000000000,,0,110,76,normal,107,1662
1642191157,20220114,10753341705,2499000000000,,0,110,67,normal,107,1663
1642192769,20220114,10753341705,2499000000000,,0,110,67,normal,107,1663
1642194614,20220114,10753341705,2499000000000,,0,110,67,normal,107,1663
1642196232,20220114,10753341705,2499000000000,,0,110,67,normal,107,1663
1642198269,20220114,10753341705,2499000000000,,0,110,67,normal,107,1665
1642199969,20220114,10753341705,2499000000000,,0,110,67,normal,107,1665
1642201894,20220114,10753341705,2499000000000,,0,111,67,normal,107,1665
1642203522,20220114,10753341705,2499000000000,,0,111,67,normal,107,1666
1642207203,20220115,10753341705,2499000000000,,0,110,67,normal,107,1665
1642212101,20220115,10753341705,2189000000000,12%,2499000000000,155,67,normal,107,1667
1642215346,20220115,10753341705,2499000000000,,0,248,67,normal,107,1668
1642216495,20220115,10753341705,2499000000000,,0,249,67,normal,107,1668
1642218056,20220115,10753341705,2189000000000,12%,2499000000000,250,67,normal,107,1671
